<h1 id="header-1-3">Header 1</h1>

<h2 id="header-2-3">Header 2</h2>

<h3 id="header-3">Header 3</h3>

<h4 id="header-4">Header 4</h4>

<h5 id="header-5">Header 5</h5>

<h6 id="header-6">Header 6</h6>

<p>Repeat the same headings to ensure that the ID are unique:</p>

<h1 id="header-1-4">Header 1</h1>

<h2 id="header-2-4">Header 2</h2>

<h3 id="header-3-3">Header 3</h3>

<h4 id="header-4-3">Header 4</h4>

<h5 id="header-5-3">Header 5</h5>

<h6 id="header-6-3">Header 6</h6>

<p>Repeat again the same headings, but with the complete atx-style syntax:</p>

<h1 id="header-1-5">Header 1</h1>

<h2 id="header-2-5">Header 2</h2>

<h3 id="header-3-4">Header 3</h3>

<h4 id="header-4-4">Header 4</h4>

<h5 id="header-5-4">Header 5</h5>

<h6 id="header-6-4">Header 6</h6>

<p>Repeat the same headings but combine setext and atx styles:</p>

<h1 id="header-1">Header 1</h1>

<h2 id="header-2">Header 2</h2>

<h3 id="header-3-5">Header 3</h3>

<h4 id="header-4-5">Header 4</h4>

<h5 id="header-5-5">Header 5</h5>

<h6 id="header-6-5">Header 6</h6>

<p>Use custom ID attributes:</p>

<h1 id="my-custom-id-1">Header 1</h1>

<h2 id="my-custom-id-2">Header 2</h2>

<h3 id="my-custom-id-3">Header 3</h3>

<h4 id="my-custom-id-4">Header 4</h4>

<h5 id="my-custom-id-5">Header 5</h5>

<h6 id="my-custom-id-6">Header 6</h6>

<p>Use custom ID attributes with the complete atx-style headers:</p>

<h1 id="my-other-custom-id-1">Header 1</h1>

<h2 id="my-other-custom-id-2">Header 2</h2>

<h3 id="my-other-custom-id-3">Header 3</h3>

<h4 id="my-other-custom-id-4">Header 4</h4>

<h5 id="my-other-custom-id-5">Header 5</h5>

<h6 id="my-other-custom-id-6">Header 6</h6>

<p>Use custom ID attributes combining setext and atx styles:</p>

<h1 id="my-another-custom-id-1">Header 1</h1>

<h2 id="my-another-custom-id-2">Header 2</h2>

<h3 id="my-another-custom-id-3">Header 3</h3>

<h4 id="my-another-custom-id-4">Header 4</h4>

<h5 id="my-another-custom-id-5">Header 5</h5>

<h6 id="my-another-custom-id-6">Header 6</h6>
